---
source: tests/langs/mod.rs
expression: inscope_parts
---
- n: 113
  l: "enum TestEnum {\n"
  m: ^^^^^^^^^^^^^^^^^
- n: 114
  l: "    VariantOne,\n"
  m: ^^^^^^^^^^^^^^^^^
- n: 115
  l: "    VariantTwo(String),\n"
  m: ^^^^^^^^^^^^^^^^^^^^^^^^^
- n: 116
  l: "    VariantThree { a: String, b: u64 },\n"
  m: ^^^^^^^^^^^^^^^^^^^^^^^^^^^^^^^^^^^^^^^^^
- n: 117
  l: "}\n"
  m: "^  "
