---
source: tests/langs/mod.rs
expression: inscope_parts
---
- n: 55
  l: "locals {\n"
  m: ^^^^^^^^^^
- n: 56
  l: "  app_env = \"testing\"\n"
  m: ^^^^^^^^^^^^^^^^^^^^^^^^^
- n: 57
  l: "  version = \"1.0.0\"\n"
  m: ^^^^^^^^^^^^^^^^^^^^^^^
- n: 58
  l: "}\n"
  m: "^  "
