---
source: tests/langs/mod.rs
expression: inscope_parts
---
- n: 100
  l: "output \"instance_ids\" {\n"
  m: ^^^^^^^^^^^^^^^^^^^^^^^^^^^
- n: 101
  l: "  description = \"List of instance IDs\"\n"
  m: ^^^^^^^^^^^^^^^^^^^^^^^^^^^^^^^^^^^^^^^^^^
- n: 102
  l: "  value       = aws_instance.app_server.*.id\n"
  m: ^^^^^^^^^^^^^^^^^^^^^^^^^^^^^^^^^^^^^^^^^^^^^^
- n: 103
  l: "}\n"
  m: "^  "
- n: 105
  l: "output \"admin_usernames\" {\n"
  m: ^^^^^^^^^^^^^^^^^^^^^^^^^^^^^^
- n: 106
  l: "  description = \"Admin usernames\"\n"
  m: ^^^^^^^^^^^^^^^^^^^^^^^^^^^^^^^^^^^^^
- n: 107
  l: "  value       = join(\", \", var.admins)\n"
  m: ^^^^^^^^^^^^^^^^^^^^^^^^^^^^^^^^^^^^^^^^^^
- n: 108
  l: "}\n"
  m: "^  "
- n: 187
  l: "output \"app_url\" {\n"
  m: ^^^^^^^^^^^^^^^^^^^^^^
- n: 188
  l: "  description = \"URL of the application\"\n"
  m: ^^^^^^^^^^^^^^^^^^^^^^^^^^^^^^^^^^^^^^^^^^^^
- n: 189
  l: "  value       = \"https://${aws_instance.app_server[0].public_dns}\"\n"
  m: ^^^^^^^^^^^^^^^^^^^^^^^^^^^^^^^^^^^^^^^^^^^^^^^^^^^^^^^^^^^^^^^^^^^^^^
- n: 190
  l: "  sensitive   = false\n"
  m: ^^^^^^^^^^^^^^^^^^^^^^^
- n: 191
  l: "}\n"
  m: "^  "
