---
source: tests/cli.rs
expression: "CommandSnap\n{\n    args: args.into(), stdin:\n    stdin.map(|s|\n    s.split_inclusive('\\n').map(ToOwned::to_owned).collect_vec()), stdout:\n    stdout.split_inclusive('\\n').map(ToOwned::to_owned).collect_vec(),\n    exit_code,\n}"
info:
  stderr: []
---
args:
  - "--threads"
  - "1"
  - "--fail-any"
  - A
stdin:
  - XYZ
stdout:
  - XYZ
exit_code: 0
