---
source: tests/cli.rs
expression: "CommandSnap\n{\n    args: args.into(), stdin:\n    stdin.map(|s|\n    s.split_inclusive('\\n').map(ToOwned::to_owned).collect_vec()), stdout:\n    stdout.split_inclusive('\\n').map(ToOwned::to_owned).collect_vec(),\n    exit_code,\n}"
info:
  stderr:
    - "Error: Error applying: No input was in scope"
---
args:
  - "--threads"
  - "1"
  - "--fail-none"
  - A
stdin:
  - XYZ
stdout: []
exit_code: 1
