---
source: tests/cli.rs
expression: "CommandSnap\n{\n    args: args.into(), stdin:\n    stdin.map(|s|\n    s.split_inclusive('\\n').map(ToOwned::to_owned).collect_vec()), stdout:\n    stdout.split_inclusive('\\n').map(ToOwned::to_owned).collect_vec(),\n    exit_code,\n}"
info:
  stderr: []
---
args:
  - "--threads"
  - "1"
  - "--only-matching"
  - "--line-numbers"
stdin:
  - "A\n"
  - B
stdout:
  - "(stdin):1:0-1:A\n"
  - "(stdin):2:0-1:B"
exit_code: 0
