---
source: tests/cli.rs
expression: "CommandSnap\n{\n    args: args.into(), stdin:\n    stdin.map(|s|\n    s.split_inclusive('\\n').map(ToOwned::to_owned).collect_vec()), stdout:\n    stdout.split_inclusive('\\n').map(ToOwned::to_owned).collect_vec(),\n    exit_code,\n}"
info:
  stderr: []
---
args:
  - "--threads"
  - "1"
  - "--go"
  - comments
  - "[fF]izz"
  - "--"
  - ðŸ¤¡
stdin:
  - "package package_test\n"
  - "\n"
  - "import \"fmt\"\n"
  - "\n"
  - "// fizzBuzz prints the numbers from 1 to a specified limit.\n"
  - "// For multiples of 3, it prints \"Fizz\" instead of the number,\n"
  - "// for multiples of 5, it prints \"Buzz\", and for multiples of both 3 and 5,\n"
  - "// it prints \"FizzBuzz\".\n"
  - "func fizzBuzz(limit int) {\n"
  - "\tfor i := 1; i <= limit; i++ {\n"
  - "\t\tswitch {\n"
  - "\t\tcase i%3 == 0 && i%5 == 0:\n"
  - "\t\t\tfmt.Println(\"FizzBuzz\")\n"
  - "\t\tcase i%3 == 0:\n"
  - "\t\t\tfmt.Println(\"Fizz\")\n"
  - "\t\tcase i%5 == 0:\n"
  - "\t\t\tfmt.Println(\"Buzz\")\n"
  - "\t\tdefault:\n"
  - "\t\t\tfmt.Println(i)\n"
  - "\t\t}\n"
  - "\t}\n"
  - "}\n"
  - "\n"
  - "func main() {\n"
  - "\t// Run the FizzBuzz function for numbers from 1 to 100\n"
  - "\tfizzBuzz(100)\n"
  - "}\n"
stdout:
  - "package package_test\n"
  - "\n"
  - "import \"fmt\"\n"
  - "\n"
  - "// ðŸ¤¡Buzz prints the numbers from 1 to a specified limit.\n"
  - "// For multiples of 3, it prints \"ðŸ¤¡\" instead of the number,\n"
  - "// for multiples of 5, it prints \"Buzz\", and for multiples of both 3 and 5,\n"
  - "// it prints \"ðŸ¤¡Buzz\".\n"
  - "func fizzBuzz(limit int) {\n"
  - "\tfor i := 1; i <= limit; i++ {\n"
  - "\t\tswitch {\n"
  - "\t\tcase i%3 == 0 && i%5 == 0:\n"
  - "\t\t\tfmt.Println(\"FizzBuzz\")\n"
  - "\t\tcase i%3 == 0:\n"
  - "\t\t\tfmt.Println(\"Fizz\")\n"
  - "\t\tcase i%5 == 0:\n"
  - "\t\t\tfmt.Println(\"Buzz\")\n"
  - "\t\tdefault:\n"
  - "\t\t\tfmt.Println(i)\n"
  - "\t\t}\n"
  - "\t}\n"
  - "}\n"
  - "\n"
  - "func main() {\n"
  - "\t// Run the ðŸ¤¡Buzz function for numbers from 1 to 100\n"
  - "\tfizzBuzz(100)\n"
  - "}\n"
exit_code: 0
